
> praying-the-rosary@0.0.0 prebuild
> node scripts/generate-version.js

Γ£à Version info generated: {
  hash: '6f27be7',
  date: '2026-03-07',
  message: 'feat: redesign AI topic selection modal with dark card ui and refine layout',
  timestamp: '2026-03-08T02:50:14.563Z',
  environment: 'production'
}

> praying-the-rosary@0.0.0 build
> node scripts/generate-version.js && tsc -b && vite build

Γ£à Version info generated: {
  hash: '6f27be7',
  date: '2026-03-07',
  message: 'feat: redesign AI topic selection modal with dark card ui and refine layout',
  timestamp: '2026-03-08T02:50:15.223Z',
  environment: 'production'
}
src/components/BibleInYearScreen.tsx(136,19): error TS6133: 'titleText' is declared but its value is never read.
